Microchip MPLAB XC8 Compiler V2.45

Linker command line:

-W-3 \
  --edf=C:\Program Files\Microchip\xc8\v2.45\pic\dat\20230818022343_en.msgs \
  -cn -h+dist/default/production\ultrasonic.X.production.sym \
  --cmf=dist/default/production\ultrasonic.X.production.cmf -z -Q18F4580 \
  -oC:\Users\Hp\AppData\Local\Temp\xcAsevg.\driver_tmp_3.o \
  --defsym=__MPLAB_BUILD=1 --fixupoverflow=error \
  -Mdist/default/production/ultrasonic.X.production.map \
  --md=C:\Users\Hp\AppData\Local\Temp\xcAsevg.\driver_tmp_0.dat -E1 \
  -ver=XC8 Compiler --acfsm=1493 -ACODE=00h-07FFFh -ACONST=00h-07FFFh \
  -ASMALLCONST=0600h-06FFhx122 -AMEDIUMCONST=0600h-07FFFh -ACOMRAM=01h-05Fh \
  -AABS1=00h-05FFh -ABIGRAM=01h-05FFh -ARAM=060h-0FFh,0100h-01FFhx5 \
  -ABANK0=060h-0FFh -ABANK1=0100h-01FFh -ABANK2=0200h-02FFh \
  -ABANK3=0300h-03FFh -ABANK4=0400h-04FFh -ABANK5=0500h-05FFh \
  -ASFR=0D00h-0DFFhx2,0F00h-0F5Fh,0F60h-0FFFh -ABIGSFR=0D00h-0FFFh \
  -ACONFIG=0300000h-030000Dh -AIDLOC=0200000h-0200007h \
  -AEEDATA=0F00000h-0F000FFh -peeprom_data=EEDATA \
  -preset_vec=00h,intcode,intcodelo,powerup,init -pramtop=0600h \
  -psmallconst=SMALLCONST -pmediumconst=MEDIUMCONST -pconst=CONST \
  -AFARRAM=00h-00h \
  -prdata=COMRAM,nvrram=COMRAM,nvbit=COMRAM,rbss=COMRAM,rbit=COMRAM \
  -pfarbss=FARRAM,fardata=FARRAM,nvFARRAM=FARRAM \
  -pintsave_regs=BIGRAM,bigbss=BIGRAM,bigdata=BIGRAM -pbss=RAM \
  -pidata=CODE,irdata=CODE,ibigdata=CODE,ifardata=CODE -prparam=COMRAM \
  C:\Users\Hp\AppData\Local\Temp\xcAsevg.\driver_tmp_15.o \
  dist/default/production\ultrasonic.X.production.o 

Object code version is 3.11

Machine type is 18F4580



                Name                               Link     Load   Length Selector   Space Scale
C:\Users\Hp\AppData\Local\Temp\xcAsevg.\driver_tmp_15.o
                init                                  0        0        4        0       0
dist/default/production\ultrasonic.X.production.o
                smallconst                          600      600       9C      300       0
                text28                             3230     3230       52      34E       0
                text27                             3380     3380       26      34E       0
                text26                             31D2     31D2       5E      34E       0
                text25                             2F24     2F24       AA      34E       0
                text24                             2CAC     2CAC      104      34E       0
                text23                             32C8     32C8       38      34E       0
                text22                             1288     1288      4C0      34E       0
                text21                             3282     3282       46      34E       0
                text20                             2BA6     2BA6      106      34E       0
                text19                             2FCE     2FCE       A4      34E       0
                text18                             3072     3072       88      34E       0
                text17                             335A     335A       26      34E       0
                text16                             25CE     25CE      1B4      34E       0
                text15                             2A5A     2A5A      14C      34E       0
                text14                             2904     2904      156      34E       0
                text13                             1B84     1B84      42A      34E       0
                text12                             30FA     30FA       74      34E       0
                text11                             316E     316E       64      34E       0
                text10                             2348     2348      286      34E       0
                text9                              3300     3300       32      34E       0
                text8                              2DB0     2DB0       C4      34E       0
                text7                              2E74     2E74       B0      34E       0
                text6                              1748     1748      43C      34E       0
                text5                               69C      69C      BEC      34E       0
                text4                              3332     3332       28      34E       0
                text3                              1FAE     1FAE      39A      34E       0
                text2                              33A6     33A6       24      34E       0
                text1                              33CA     33CA       20      34E       0
                text0                              2782     2782      182      34E       0
                cstackCOMRAM                          1        1       5E        1       1
                cstackBANK0                          60       60       3B       60       1
                cinit                              33EA     33EA        A      34E       0

TOTAL           Name                               Link     Load   Length     Space
        CLASS   CODE           
                init                                  0        0        4         0
                text28                             3230     3230       52         0
                text27                             3380     3380       26         0
                text26                             31D2     31D2       5E         0
                text25                             2F24     2F24       AA         0
                text24                             2CAC     2CAC      104         0
                text23                             32C8     32C8       38         0
                text22                             1288     1288      4C0         0
                text21                             3282     3282       46         0
                text20                             2BA6     2BA6      106         0
                text19                             2FCE     2FCE       A4         0
                text18                             3072     3072       88         0
                text17                             335A     335A       26         0
                text16                             25CE     25CE      1B4         0
                text15                             2A5A     2A5A      14C         0
                text14                             2904     2904      156         0
                text13                             1B84     1B84      42A         0
                text12                             30FA     30FA       74         0
                text11                             316E     316E       64         0
                text10                             2348     2348      286         0
                text9                              3300     3300       32         0
                text8                              2DB0     2DB0       C4         0
                text7                              2E74     2E74       B0         0
                text6                              1748     1748      43C         0
                text5                               69C      69C      BEC         0
                text4                              3332     3332       28         0
                text3                              1FAE     1FAE      39A         0
                text2                              33A6     33A6       24         0
                text1                              33CA     33CA       20         0
                text0                              2782     2782      182         0
                cinit                              33EA     33EA        A         0

        CLASS   CONST          

        CLASS   SMALLCONST     
                smallconst                          600      600       9C         0

        CLASS   MEDIUMCONST    

        CLASS   COMRAM         
                cstackCOMRAM                          1        1       5E         1

        CLASS   ABS1           

        CLASS   BIGRAM         

        CLASS   RAM            

        CLASS   BANK0          
                cstackBANK0                          60       60       3B         1

        CLASS   BANK1          

        CLASS   BANK2          

        CLASS   BANK3          

        CLASS   BANK4          

        CLASS   BANK5          

        CLASS   SFR            

        CLASS   BIGSFR         

        CLASS   CONFIG         

        CLASS   IDLOC          

        CLASS   EEDATA         

        CLASS   FARRAM         

        CLASS   HEAP           

        CLASS   STACK          



SEGMENTS        Name                           Load    Length   Top    Selector   Space  Class

                reset_vec                      000000  000004  000004         0       0  CODE    
                cstackCOMRAM                   000001  00005E  00005F         1       1  COMRAM  
                cstackBANK0                    000060  00003B  00009B        60       1  BANK0   
                smallconst                     000600  00009C  00069C       300       0  SMALLCON
                text5                          00069C  002D58  0033F4       34E       0  CODE    


UNUSED ADDRESS RANGES

        Name                Unused          Largest block    Delta
        BANK0            009B-00FF             65
        BANK1            0100-01FF            100
        BANK2            0200-02FF            100
        BANK3            0300-03FF            100
        BANK4            0400-04FF            100
        BANK5            0500-05FF            100
        BIGRAM           005F-005F              1
                         009B-05FF            565
        BIGSFR           0D00-0FFF            300
        CODE             0004-05FF            5FC
                         33F4-7FFF           4C0C
        COMRAM           005F-005F              1
        CONFIG           300000-30000D              E
        CONST            0004-05FF            5FC
                         33F4-7FFF           4C0C
        EEDATA           F00000-F000FF            100
        IDLOC            200000-200007              8
        MEDIUMCONST      33F4-7FFF           4C0C
        RAM              009B-05FF            100
        SFR              0D00-0FFF            100
        SMALLCONST       33F4-7FFF            100

                                  Symbol Table

?___awdiv                cstackCOMRAM 0007
?___awmod                cstackCOMRAM 0001
?___fladd                cstackCOMRAM 0041
?___fldiv                cstackCOMRAM 0028
?___flmul                cstackCOMRAM 000F
?___flneg                cstackCOMRAM 0001
?___flsub                cstackCOMRAM 0051
?___fltol                cstackCOMRAM 0035
?___lldiv                cstackCOMRAM 0001
?___llmod                cstackCOMRAM 0001
?___lwdiv                cstackCOMRAM 0006
?___lwmod                cstackCOMRAM 0001
?___wmul                 cstackCOMRAM 0001
?___xxtofl               cstackCOMRAM 0001
?__div_to_l_             cstackCOMRAM 0001
?__tdiv_to_l_            cstackCOMRAM 0001
?_fround                 cstackCOMRAM 0028
?_scale                  cstackCOMRAM 0028
?_sprintf                cstackCOMRAM 0059
LCD_value_float@a        cstackBANK0  007D
LCD_value_float@r        cstackBANK0  0081
_ADCON1                  (abs)        0FC1
_CCP1CON                 (abs)        0FBD
_CCP1IF                  (abs)        7CF2
_CCPR1                   (abs)        0FBE
_LCD_value_float         text4        3332
_PORTB                   (abs)        0F81
_PR2                     (abs)        0FCB
_RB0                     (abs)        7C08
_RB1                     (abs)        7C09
_RC0                     (abs)        7C10
_T1CON                   (abs)        0FCD
_T2CON                   (abs)        0FCA
_TMR2IF                  (abs)        7CF1
_TRISA                   (abs)        0F92
_TRISB                   (abs)        0F93
_TRISC                   (abs)        0F94
__HRAM                   (abs)        0000
__H__absolute__          __absolute__ 0000
__Habs1                  abs1         0000
__Hbank0                 bank0        0000
__Hbank1                 bank1        0000
__Hbank2                 bank2        0000
__Hbank3                 bank3        0000
__Hbank4                 bank4        0000
__Hbank5                 bank5        0000
__Hbigbss                bigbss       0000
__Hbigdata               bigdata      0000
__Hbigram                bigram       0000
__Hbigsfr                bigsfr       0000
__Hbss                   bss          0000
__Hcinit                 cinit        0000
__Hclrtext               clrtext      0000
__Hcomram                comram       0000
__Hconfig                config       0000
__Hconst                 const        0000
__HcstackBANK0           cstackBANK0  0000
__HcstackCOMRAM          cstackCOMRAM 0000
__Hdata                  data         0000
__Heeprom_data           eeprom_data  0000
__Hfarbss                farbss       0000
__Hfardata               fardata      0000
__Hheap                  heap         0000
__Hibigdata              ibigdata     0000
__Hidata                 idata        0000
__Hidloc                 idloc        0000
__Hifardata              ifardata     0000
__Hinit                  init         0004
__Hintcode               intcode      0000
__Hintcode_body          intcode_body 0000
__Hintcodelo             intcodelo    0000
__Hintentry              intentry     0000
__Hintret                intret       0000
__Hintsave_regs          intsave_regs 0000
__Hirdata                irdata       0000
__Hmediumconst           mediumconst  0000
__HnvFARRAM              nvFARRAM     0000
__Hnvbit                 nvbit        0000
__Hnvrram                nvrram       0000
__Hparam                 rparam       0000
__Hpowerup               powerup      0000
__Hram                   ram          0000
__Hramtop                ramtop       0600
__Hrbit                  rbit         0000
__Hrbss                  rbss         0000
__Hrdata                 rdata        0000
__Hreset_vec             reset_vec    0000
__Hrparam                rparam       0000
__Hsfr                   sfr          0000
__Hsmallconst            smallconst   069C
__Hspace_0               (abs)        33F4
__Hspace_1               (abs)        009B
__Hspace_2               (abs)        0000
__Hspace_4               (abs)        0000
__Hstack                 stack        0000
__Hstruct                struct       0000
__Htemp                  temp         0000
__Htext                  text         0000
__Htext0                 text0        0000
__Htext1                 text1        0000
__Htext10                text10       0000
__Htext11                text11       0000
__Htext12                text12       0000
__Htext13                text13       0000
__Htext14                text14       0000
__Htext15                text15       0000
__Htext16                text16       0000
__Htext17                text17       0000
__Htext18                text18       0000
__Htext19                text19       0000
__Htext2                 text2        0000
__Htext20                text20       0000
__Htext21                text21       0000
__Htext22                text22       0000
__Htext23                text23       0000
__Htext24                text24       0000
__Htext25                text25       0000
__Htext26                text26       0000
__Htext27                text27       0000
__Htext28                text28       0000
__Htext3                 text3        0000
__Htext4                 text4        0000
__Htext5                 text5        0000
__Htext6                 text6        0000
__Htext7                 text7        0000
__Htext8                 text8        0000
__Htext9                 text9        0000
__LRAM                   (abs)        0001
__L__absolute__          __absolute__ 0000
__Labs1                  abs1         0000
__Lbank0                 bank0        0000
__Lbank1                 bank1        0000
__Lbank2                 bank2        0000
__Lbank3                 bank3        0000
__Lbank4                 bank4        0000
__Lbank5                 bank5        0000
__Lbigbss                bigbss       0000
__Lbigdata               bigdata      0000
__Lbigram                bigram       0000
__Lbigsfr                bigsfr       0000
__Lbss                   bss          0000
__Lcinit                 cinit        0000
__Lclrtext               clrtext      0000
__Lcomram                comram       0000
__Lconfig                config       0000
__Lconst                 const        0000
__LcstackBANK0           cstackBANK0  0000
__LcstackCOMRAM          cstackCOMRAM 0000
__Ldata                  data         0000
__Leeprom_data           eeprom_data  0000
__Lfarbss                farbss       0000
__Lfardata               fardata      0000
__Lheap                  heap         0000
__Libigdata              ibigdata     0000
__Lidata                 idata        0000
__Lidloc                 idloc        0000
__Lifardata              ifardata     0000
__Linit                  init         0000
__Lintcode               intcode      0000
__Lintcode_body          intcode_body 0000
__Lintcodelo             intcodelo    0000
__Lintentry              intentry     0000
__Lintret                intret       0000
__Lintsave_regs          intsave_regs 0000
__Lirdata                irdata       0000
__Lmediumconst           mediumconst  0000
__LnvFARRAM              nvFARRAM     0000
__Lnvbit                 nvbit        0000
__Lnvrram                nvrram       0000
__Lparam                 rparam       0000
__Lpowerup               powerup      0000
__Lram                   ram          0000
__Lramtop                ramtop       0600
__Lrbit                  rbit         0000
__Lrbss                  rbss         0000
__Lrdata                 rdata        0000
__Lreset_vec             reset_vec    0000
__Lrparam                rparam       0000
__Lsfr                   sfr          0000
__Lsmallconst            smallconst   0600
__Lspace_0               (abs)        0000
__Lspace_1               (abs)        0000
__Lspace_2               (abs)        0000
__Lspace_4               (abs)        0000
__Lstack                 stack        0000
__Lstruct                struct       0000
__Ltemp                  temp         0000
__Ltext                  text         0000
__Ltext0                 text0        0000
__Ltext1                 text1        0000
__Ltext10                text10       0000
__Ltext11                text11       0000
__Ltext12                text12       0000
__Ltext13                text13       0000
__Ltext14                text14       0000
__Ltext15                text15       0000
__Ltext16                text16       0000
__Ltext17                text17       0000
__Ltext18                text18       0000
__Ltext19                text19       0000
__Ltext2                 text2        0000
__Ltext20                text20       0000
__Ltext21                text21       0000
__Ltext22                text22       0000
__Ltext23                text23       0000
__Ltext24                text24       0000
__Ltext25                text25       0000
__Ltext26                text26       0000
__Ltext27                text27       0000
__Ltext28                text28       0000
__Ltext3                 text3        0000
__Ltext4                 text4        0000
__Ltext5                 text5        0000
__Ltext6                 text6        0000
__Ltext7                 text7        0000
__Ltext8                 text8        0000
__Ltext9                 text9        0000
__S0                     (abs)        33F4
__S1                     (abs)        009B
__S4                     (abs)        0000
__S5                     (abs)        0000
___awdiv                 text8        2DB0
___awdiv@counter         cstackCOMRAM 000B
___awdiv@dividend        cstackCOMRAM 0007
___awdiv@divisor         cstackCOMRAM 0009
___awdiv@quotient        cstackCOMRAM 000D
___awdiv@sign            cstackCOMRAM 000C
___awmod                 text7        2E74
___awmod@counter         cstackCOMRAM 0005
___awmod@dividend        cstackCOMRAM 0001
___awmod@divisor         cstackCOMRAM 0003
___awmod@sign            cstackCOMRAM 0006
___fladd                 text22       1288
___fladd@a               cstackCOMRAM 0045
___fladd@aexp            cstackCOMRAM 004E
___fladd@b               cstackCOMRAM 0041
___fladd@bexp            cstackCOMRAM 004F
___fladd@grs             cstackCOMRAM 0050
___fladd@signs           cstackCOMRAM 004D
___fldiv                 text3        1FAE
___fldiv@a               cstackCOMRAM 002C
___fldiv@aexp            cstackCOMRAM 0040
___fldiv@b               cstackCOMRAM 0028
___fldiv@bexp            cstackCOMRAM 003F
___fldiv@grs             cstackCOMRAM 003B
___fldiv@new_exp         cstackCOMRAM 0039
___fldiv@rem             cstackCOMRAM 0034
___fldiv@sign            cstackCOMRAM 0038
___fleq                  text25       2F24
___fleq@ff1              cstackCOMRAM 0001
___fleq@ff2              cstackCOMRAM 0005
___flge                  text24       2CAC
___flge@ff1              cstackCOMRAM 0001
___flge@ff2              cstackCOMRAM 0005
___flmul                 text13       1B84
___flmul@a               cstackCOMRAM 0013
___flmul@aexp            cstackCOMRAM 0020
___flmul@b               cstackCOMRAM 000F
___flmul@bexp            cstackCOMRAM 0021
___flmul@grs             cstackCOMRAM 001C
___flmul@prod            cstackCOMRAM 0022
___flmul@sign            cstackCOMRAM 001B
___flmul@temp            cstackCOMRAM 0026
___flneg                 text23       32C8
___flneg@f1              cstackCOMRAM 0001
___flsub                 text21       3282
___flsub@a               cstackCOMRAM 0055
___flsub@b               cstackCOMRAM 0051
___fltol                 text20       2BA6
___fltol@exp1            cstackCOMRAM 003E
___fltol@f1              cstackCOMRAM 0035
___fltol@sign1           cstackCOMRAM 003D
___heap_hi               (abs)        0000
___heap_lo               (abs)        0000
___inthi_sp              stack        0000
___inthi_stack_hi        stack        0000
___inthi_stack_lo        stack        0000
___intlo_sp              stack        0000
___intlo_stack_hi        stack        0000
___intlo_stack_lo        stack        0000
___lldiv                 text19       2FCE
___lldiv@counter         cstackCOMRAM 000D
___lldiv@dividend        cstackCOMRAM 0001
___lldiv@divisor         cstackCOMRAM 0005
___lldiv@quotient        cstackCOMRAM 0009
___llmod                 text18       3072
___llmod@counter         cstackCOMRAM 0009
___llmod@dividend        cstackCOMRAM 0001
___llmod@divisor         cstackCOMRAM 0005
___lwdiv                 text12       30FA
___lwdiv@counter         cstackCOMRAM 000C
___lwdiv@dividend        cstackCOMRAM 0006
___lwdiv@divisor         cstackCOMRAM 0008
___lwdiv@quotient        cstackCOMRAM 000A
___lwmod                 text11       316E
___lwmod@counter         cstackCOMRAM 0005
___lwmod@dividend        cstackCOMRAM 0001
___lwmod@divisor         cstackCOMRAM 0003
___param_bank            (abs)        0000
___rparam_used           (abs)        0001
___sp                    stack        0000
___stack_hi              stack        0000
___stack_lo              stack        0000
___wmul                  text17       335A
___wmul@multiplicand     cstackCOMRAM 0003
___wmul@multiplier       cstackCOMRAM 0001
___wmul@product          cstackCOMRAM 0005
___xxtofl                text16       25CE
___xxtofl@arg            cstackCOMRAM 000B
___xxtofl@exp            cstackCOMRAM 000A
___xxtofl@sign           cstackCOMRAM 0009
___xxtofl@val            cstackCOMRAM 0001
__accesstop              (abs)        0060
__activetblptr           (abs)        0002
__div_to_l_              text15       2A5A
__div_to_l_@cntr         cstackCOMRAM 000D
__div_to_l_@exp1         cstackCOMRAM 000E
__div_to_l_@f1           cstackCOMRAM 0001
__div_to_l_@f2           cstackCOMRAM 0005
__div_to_l_@quot         cstackCOMRAM 0009
__end_of_LCD_value_float text4        335A
__end_of___awdiv         text8        2E74
__end_of___awmod         text7        2F24
__end_of___fladd         text22       1748
__end_of___fldiv         text3        2348
__end_of___fleq          text25       2FCE
__end_of___flge          text24       2DB0
__end_of___flmul         text13       1FAE
__end_of___flneg         text23       3300
__end_of___flsub         text21       32C8
__end_of___fltol         text20       2CAC
__end_of___lldiv         text19       3072
__end_of___llmod         text18       30FA
__end_of___lwdiv         text12       316E
__end_of___lwmod         text11       31D2
__end_of___wmul          text17       3380
__end_of___xxtofl        text16       2782
__end_of__div_to_l_      text15       2BA6
__end_of__initialization cinit        33EA
__end_of__npowers_       smallconst   0669
__end_of__powers_        smallconst   0635
__end_of__tdiv_to_l_     text14       2A5A
__end_of_cmd             text2        33CA
__end_of_data            text27       33A6
__end_of_delay           text28       3282
__end_of_display         text26       3230
__end_of_dpowers         smallconst   0691
__end_of_fround          text10       25CE
__end_of_init            text1        33EA
__end_of_isdigit         text9        3332
__end_of_main            text0        2904
__end_of_scale           text6        1B84
__end_of_sprintf         text5        1288
__initialization         cinit        33EA
__mediumconst            mediumconst  0000
__npowers_               smallconst   0635
__pcinit                 cinit        33EA
__pcstackBANK0           cstackBANK0  0060
__pcstackCOMRAM          cstackCOMRAM 0001
__powers_                smallconst   0601
__psmallconst            smallconst   0600
__ptext0                 text0        2782
__ptext1                 text1        33CA
__ptext10                text10       2348
__ptext11                text11       316E
__ptext12                text12       30FA
__ptext13                text13       1B84
__ptext14                text14       2904
__ptext15                text15       2A5A
__ptext16                text16       25CE
__ptext17                text17       335A
__ptext18                text18       3072
__ptext19                text19       2FCE
__ptext2                 text2        33A6
__ptext20                text20       2BA6
__ptext21                text21       3282
__ptext22                text22       1288
__ptext23                text23       32C8
__ptext24                text24       2CAC
__ptext25                text25       2F24
__ptext26                text26       31D2
__ptext27                text27       3380
__ptext28                text28       3230
__ptext3                 text3        1FAE
__ptext4                 text4        3332
__ptext5                 text5        069C
__ptext6                 text6        1748
__ptext7                 text7        2E74
__ptext8                 text8        2DB0
__ptext9                 text9        3300
__ramtop                 ramtop       0600
__smallconst             smallconst   0600
__tdiv_to_l_             text14       2904
__tdiv_to_l_@cntr        cstackCOMRAM 0010
__tdiv_to_l_@exp1        cstackCOMRAM 0011
__tdiv_to_l_@f1          cstackCOMRAM 0001
__tdiv_to_l_@f2          cstackCOMRAM 0005
__tdiv_to_l_@quot        cstackCOMRAM 000C
_cmd                     text2        33A6
_data                    text27       3380
_delay                   text28       3230
_display                 text26       31D2
_dpowers                 smallconst   0669
_fround                  text10       2348
_fround$782              cstackCOMRAM 0032
_fround$783              cstackCOMRAM 002E
_init                    text1        33CA
_isdigit                 text9        3300
_isdigit$588             cstackCOMRAM 0002
_main                    text0        2782
_scale                   text6        1748
_scale$784               cstackCOMRAM 0030
_sprintf                 text5        069C
_sprintf$785             cstackBANK0  0063
cmd@a                    cstackCOMRAM 0005
data@b                   cstackCOMRAM 0005
delay@i                  cstackCOMRAM 0001
delay@j                  cstackCOMRAM 0003
display@p                cstackCOMRAM 0006
end_of_initialization    cinit        33EA
fround@prec              cstackCOMRAM 0036
intlevel0                text         0000
intlevel1                text         0000
intlevel2                text         0000
intlevel3                text         0000
isa$std                  (abs)        0001
isa$xinst                (abs)        0000
isdigit@c                cstackCOMRAM 0003
main@cm                  cstackBANK0  0091
main@endTime             cstackBANK0  0099
main@pulseWidth          cstackBANK0  0095
main@result              cstackBANK0  008D
main@startTime           cstackBANK0  0097
scale@scl                cstackCOMRAM 0034
sprintf@ap               cstackBANK0  0067
sprintf@c                cstackBANK0  007C
sprintf@eexp             cstackBANK0  0070
sprintf@f                cstackCOMRAM 005A
sprintf@flag             cstackBANK0  0072
sprintf@fval             cstackBANK0  0076
sprintf@prec             cstackBANK0  007A
sprintf@sp               cstackCOMRAM 0059
sprintf@tmpval           cstackBANK0  006C
sprintf@val              cstackBANK0  0068
sprintf@width            cstackBANK0  0074
stackhi                  (abs)        0000
stacklo                  (abs)        0000
start                    init         0000
start_initialization     cinit        33EA


MODULE INFORMATION

Module		Function		Class		Link	Load	Size
C:\Program Files\Microchip\xc8\v2.45\pic\sources\c90\common\awdiv.c
		___awdiv       		CODE           	2DB0	0000	196

C:\Program Files\Microchip\xc8\v2.45\pic\sources\c90\common\awdiv.c estimated size: 196

C:\Program Files\Microchip\xc8\v2.45\pic\sources\c90\common\xxtofl.c
		___xxtofl      		CODE           	25CE	0000	436

C:\Program Files\Microchip\xc8\v2.45\pic\sources\c90\common\xxtofl.c estimated size: 436

C:\Program Files\Microchip\xc8\v2.45\pic\sources\c90\common\isdigit.c
		_isdigit       		CODE           	3300	0000	50

C:\Program Files\Microchip\xc8\v2.45\pic\sources\c90\common\isdigit.c estimated size: 50

C:\Program Files\Microchip\xc8\v2.45\pic\sources\c90\common\sprcadd.c
		___flsub       		CODE           	3282	0000	70
		___fladd       		CODE           	1288	0000	1216

C:\Program Files\Microchip\xc8\v2.45\pic\sources\c90\common\sprcadd.c estimated size: 1286

C:\Program Files\Microchip\xc8\v2.45\pic\sources\c90\common\flneg.c
		___flneg       		CODE           	32C8	0000	56

C:\Program Files\Microchip\xc8\v2.45\pic\sources\c90\common\flneg.c estimated size: 56

C:\Program Files\Microchip\xc8\v2.45\pic\sources\c90\common\fleq.c
		___fleq        		CODE           	2F24	0000	170

C:\Program Files\Microchip\xc8\v2.45\pic\sources\c90\common\fleq.c estimated size: 170

C:\Program Files\Microchip\xc8\v2.45\pic\sources\c90\common\doprnt.c
		_scale         		CODE           	1748	0000	1084
		_sprintf       		CODE           	069C	0000	3052
		_fround        		CODE           	2348	0000	646

C:\Program Files\Microchip\xc8\v2.45\pic\sources\c90\common\doprnt.c estimated size: 4782

newmain.c
		_init          		CODE           	33CA	0000	32
		_delay         		CODE           	3230	0000	82
		_display       		CODE           	31D2	0000	94
		_main          		CODE           	2782	0000	386
		_data          		CODE           	3380	0000	38
		_cmd           		CODE           	33A6	0000	36
		_LCD_value_float		CODE           	3332	0000	40

newmain.c estimated size: 708

C:\Program Files\Microchip\xc8\v2.45\pic\sources\c90\common\lwmod.c
		___lwmod       		CODE           	316E	0000	100

C:\Program Files\Microchip\xc8\v2.45\pic\sources\c90\common\lwmod.c estimated size: 100

C:\Program Files\Microchip\xc8\v2.45\pic\sources\c90\common\llmod.c
		___llmod       		CODE           	3072	0000	136

C:\Program Files\Microchip\xc8\v2.45\pic\sources\c90\common\llmod.c estimated size: 136

C:\Program Files\Microchip\xc8\v2.45\pic\sources\c90\common\ftdivl.c
		__tdiv_to_l_   		CODE           	2904	0000	342

C:\Program Files\Microchip\xc8\v2.45\pic\sources\c90\common\ftdivl.c estimated size: 342

shared
		__powers_      		SMALLCONST     	0601	0000	52
		_dpowers       		SMALLCONST     	0669	0000	40
		__npowers_     		SMALLCONST     	0635	0000	52
		__initialization		CODE           	33EA	0000	1

shared estimated size: 145

C:\Program Files\Microchip\xc8\v2.45\pic\sources\c90\common\Umul16.c
		___wmul        		CODE           	335A	0000	38

C:\Program Files\Microchip\xc8\v2.45\pic\sources\c90\common\Umul16.c estimated size: 38

C:\Program Files\Microchip\xc8\v2.45\pic\sources\c90\common\awmod.c
		___awmod       		CODE           	2E74	0000	176

C:\Program Files\Microchip\xc8\v2.45\pic\sources\c90\common\awmod.c estimated size: 176

C:\Program Files\Microchip\xc8\v2.45\pic\sources\c90\common\sprcmul.c
		___flmul       		CODE           	1B84	0000	1066

C:\Program Files\Microchip\xc8\v2.45\pic\sources\c90\common\sprcmul.c estimated size: 1066

C:\Program Files\Microchip\xc8\v2.45\pic\sources\c90\common\fldivl.c
		__div_to_l_    		CODE           	2A5A	0000	332

C:\Program Files\Microchip\xc8\v2.45\pic\sources\c90\common\fldivl.c estimated size: 332

C:\Program Files\Microchip\xc8\v2.45\pic\sources\c90\common\__lldiv.c
		___lldiv       		CODE           	2FCE	0000	164

C:\Program Files\Microchip\xc8\v2.45\pic\sources\c90\common\__lldiv.c estimated size: 164

C:\Program Files\Microchip\xc8\v2.45\pic\sources\c90\common\sprcdiv.c
		___fldiv       		CODE           	1FAE	0000	922

C:\Program Files\Microchip\xc8\v2.45\pic\sources\c90\common\sprcdiv.c estimated size: 922

C:\Program Files\Microchip\xc8\v2.45\pic\sources\c90\common\lwdiv.c
		___lwdiv       		CODE           	30FA	0000	116

C:\Program Files\Microchip\xc8\v2.45\pic\sources\c90\common\lwdiv.c estimated size: 116

C:\Program Files\Microchip\xc8\v2.45\pic\sources\c90\common\flge.c
		___flge        		CODE           	2CAC	0000	260

C:\Program Files\Microchip\xc8\v2.45\pic\sources\c90\common\flge.c estimated size: 260

C:\Program Files\Microchip\xc8\v2.45\pic\sources\c90\common\fltol.c
		___fltol       		CODE           	2BA6	0000	262

C:\Program Files\Microchip\xc8\v2.45\pic\sources\c90\common\fltol.c estimated size: 262

